// Jest Snapshot v1, https://goo.gl/fbAQLP

exports[`Home container renders without crashing 1`] = `
<div
  className="homeView container"
>
  <WithStyles(Grid)
    container={true}
    spacing={8}
  >
    <WithStyles(Grid)
      item={true}
      lg={3}
      md={3}
      sm={12}
      xl={3}
      xs={12}
    >
      <WithStyles(Paper)
        className="paper"
        elevation={1}
      >
        <Connect(Updates) />
      </WithStyles(Paper)>
    </WithStyles(Grid)>
    <WithStyles(Grid)
      item={true}
      lg={9}
      md={9}
      sm={12}
      xl={9}
      xs={12}
    >
      <WithStyles(Paper)
        className="paper"
        elevation={1}
      >
        <Connect(Properties) />
      </WithStyles(Paper)>
    </WithStyles(Grid)>
  </WithStyles(Grid)>
</div>
`;
