// Jest Snapshot v1, https://goo.gl/fbAQLP

exports[`Property container renders without crashing 1`] = `
<Route
  render={[Function]}
/>
`;
